node:internal/modules/cjs/loader:1424
  throw err;
  ^

Error: Cannot find module 'dotenv'
Require stack:
- C:\opensquad\squad_da_vitoria\engine_ingestao.js
- C:\opensquad\squad_da_vitoria\concursos\esa_sargento_exercito_2026.js
    at Module._resolveFilename (node:internal/modules/cjs/loader:1421:15)
    at defaultResolveImpl (node:internal/modules/cjs/loader:1059:19)
    at resolveForCJSWithHooks (node:internal/modules/cjs/loader:1064:22)
    at Module._load (node:internal/modules/cjs/loader:1227:37)
    at TracingChannel.traceSync (node:diagnostics_channel:328:14)
    at wrapModuleLoad (node:internal/modules/cjs/loader:245:24)
    at Module.require (node:internal/modules/cjs/loader:1504:12)
    at require (node:internal/modules/helpers:152:16)
    at Object.<anonymous> (C:\opensquad\squad_da_vitoria\engine_ingestao.js:11:1)
    at Module._compile (node:internal/modules/cjs/loader:1761:14) {
  code: 'MODULE_NOT_FOUND',
  requireStack: [
    'C:\\opensquad\\squad_da_vitoria\\engine_ingestao.js',
    'C:\\opensquad\\squad_da_vitoria\\concursos\\esa_sargento_exercito_2026.js'
  ]
}

Node.js v24.12.0
